17:03:46 **** Incremental Build of configuration Debug for project bai3 ****
make -j8 all 
arm-none-eabi-gcc "../Core/Src/fsm_button.c" -mcpu=cortex-m3 -std=gnu11 -g3 -DDEBUG -DUSE_HAL_DRIVER -DSTM32F103x6 -c -I../Core/Inc -I../Drivers/STM32F1xx_HAL_Driver/Inc/Legacy -I../Drivers/STM32F1xx_HAL_Driver/Inc -I../Drivers/CMSIS/Device/ST/STM32F1xx/Include -I../Drivers/CMSIS/Include -O0 -ffunction-sections -fdata-sections -Wall -fstack-usage -MMD -MP -MF"Core/Src/fsm_button.d" -MT"Core/Src/fsm_button.o" --specs=nano.specs -mfloat-abi=soft -mthumb -o "Core/Src/fsm_button.o"
arm-none-eabi-gcc -o "bai3.elf" @"objects.list"   -mcpu=cortex-m3 -T"E:\KHOI\DATA\MonhocBK\221\Vixulividieukhien\MidtermMCU\bai3\STM32F103C6TX_FLASH.ld" --specs=nosys.specs -Wl,-Map="bai3.map" -Wl,--gc-sections -static --specs=nano.specs -mfloat-abi=soft -mthumb -Wl,--start-group -lc -lm -Wl,--end-group
Finished building target: bai3.elf
 
arm-none-eabi-size   bai3.elf 
arm-none-eabi-objdump -h -S  bai3.elf  > "bai3.list"
arm-none-eabi-objcopy  -O ihex  bai3.elf  "bai3.hex"
   text	   data	    bss	    dec	    hex	filename
   8420	    100	   1668	  10188	   27cc	bai3.elf
Finished building: default.size.stdout
 
Finished building: bai3.hex
 
Finished building: bai3.list
 

17:03:47 Build Finished. 0 errors, 0 warnings. (took 599ms)

