18:58:45 **** Incremental Build of configuration Debug for project bai4 ****
make -j8 all 
arm-none-eabi-gcc "../Core/Src/fsm_button.c" -mcpu=cortex-m3 -std=gnu11 -g3 -DDEBUG -DUSE_HAL_DRIVER -DSTM32F103x6 -c -I../Core/Inc -I../Drivers/STM32F1xx_HAL_Driver/Inc/Legacy -I../Drivers/STM32F1xx_HAL_Driver/Inc -I../Drivers/CMSIS/Device/ST/STM32F1xx/Include -I../Drivers/CMSIS/Include -O0 -ffunction-sections -fdata-sections -Wall -fstack-usage -MMD -MP -MF"Core/Src/fsm_button.d" -MT"Core/Src/fsm_button.o" --specs=nano.specs -mfloat-abi=soft -mthumb -o "Core/Src/fsm_button.o"
arm-none-eabi-gcc -o "bai4.elf" @"objects.list"   -mcpu=cortex-m3 -T"E:\KHOI\DATA\MonhocBK\221\Vixulividieukhien\MidtermMCU\bai4\STM32F103C6TX_FLASH.ld" --specs=nosys.specs -Wl,-Map="bai4.map" -Wl,--gc-sections -static --specs=nano.specs -mfloat-abi=soft -mthumb -Wl,--start-group -lc -lm -Wl,--end-group
Finished building target: bai4.elf
 
arm-none-eabi-size   bai4.elf 
arm-none-eabi-objdump -h -S  bai4.elf  > "bai4.list"
arm-none-eabi-objcopy  -O ihex  bai4.elf  "bai4.hex"
   text	   data	    bss	    dec	    hex	filename
   8552	    100	   1668	  10320	   2850	bai4.elf
Finished building: default.size.stdout
 
Finished building: bai4.hex
 
Finished building: bai4.list
 

18:58:47 Build Finished. 0 errors, 0 warnings. (took 1s.294ms)

